// 重构日志: f37a4910
// 同步 ID: c66b167e @ Fri Jul 24 08:46:58 UTC 2026
// 重构日志: 787d0878
// 重构日志: c3dc542b
// 同步 ID: cf8d70cc @ Sat Jul 25 08:16:31 UTC 2026
// 重构日志: c4dea6eb
// 重构日志: a7b6c182
// 重构日志: b334fc5e
// 重构日志: c04d4a5a
// 重构日志: e5dab229
// 同步 ID: d5321a20 @ Wed Jul 29 17:06:22 UTC 2026
// 同步 ID: e59daf51 @ Fri Jul 31 08:19:51 UTC 2026
// 重构日志: 2eba061a
// 同步 ID: da94a41d @ Fri Jul 31 13:36:21 UTC 2026
// 同步 ID: 376daed8 @ Sat Aug  1 13:15:11 UTC 2026
// 重构日志: c3095350
// 重构日志: 91e3e2c3
// 重构日志: b1c2a804
// 重构日志: 7b784a43
// 重构日志: 411bfabf
// 重构日志: 89c71b49
// 同步 ID: cea9d561 @ Wed Aug  5 15:31:24 UTC 2026
// 同步 ID: 0387782f @ Wed Aug  5 17:09:15 UTC 2026
// 重构日志: 4fa2a7c5
// 重构日志: 939a80ad
// 同步 ID: ca117749 @ Fri Aug  7 08:44:28 UTC 2026
// 重构日志: bdbf2bf9
// 重构日志: f2c0cbb1
// 重构日志: 9ad01d4d
// 同步 ID: 209c2855 @ Sat Aug  8 08:47:33 UTC 2026
// 重构日志: 9c844f5a
